PLINK v1.90b6.21 64-bit (19 Oct 2020)
Options in effect:
  --allow-extra-chr
  --bfile salmon_variants_plink
  --make-bed
  --out salmon_with_pheno
  --pheno salmon_type.pheno

Hostname: login02.ecdf.ed.ac.uk
Working directory: /exports/eddie/scratch/s2750851/SalmoStrong_project/VG_final_results/variant_calling
Start time: Thu Jul 31 11:03:08 2025

Random number seed: 1753956188
385636 MB RAM detected; reserving 192818 MB for main workspace.
Allocated 14476 MB successfully, after larger attempt(s) failed.
20545 variants loaded from .bim file.
4 people (0 males, 0 females, 4 ambiguous) loaded from .fam.
Ambiguous sex IDs written to salmon_with_pheno.nosex .
4 phenotype values present after --pheno.
Warning: Ignoring phenotypes of missing-sex samples.  If you don't want those
phenotypes to be ignored, use the --allow-no-sex flag.
Using 1 thread (no multithreaded calculations invoked).
Before main variant filters, 4 founders and 0 nonfounders present.
Calculating allele frequencies... done.
20545 variants and 4 people pass filters and QC.
Among remaining phenotypes, 2 are cases and 2 are controls.
--make-bed to salmon_with_pheno.bed + salmon_with_pheno.bim +
salmon_with_pheno.fam ... done.

End time: Thu Jul 31 11:03:08 2025
